// Jest Snapshot v1, https://goo.gl/fbAQLP

exports[`Sign Up renders Sign Up 1`] = `
<div>
  <div
    class="sc-dlfnbm iuHaXN"
  >
    <div
      class="MuiFormControl-root MuiTextField-root sc-gsTCUz eHbxyQ"
    >
      <div
        class="MuiInputBase-root MuiInput-root MuiInput-underline MuiInputBase-formControl MuiInput-formControl"
      >
        <input
          aria-invalid="false"
          class="MuiInputBase-input MuiInput-input"
          id="standard-basic"
          placeholder="User"
          type="text"
          value=""
        />
      </div>
    </div>
    <div
      class="MuiFormControl-root MuiTextField-root sc-gsTCUz eHbxyQ"
    >
      <div
        class="MuiInputBase-root MuiInput-root MuiInput-underline MuiInputBase-formControl MuiInput-formControl"
      >
        <input
          aria-invalid="false"
          class="MuiInputBase-input MuiInput-input"
          id="standard-basic"
          placeholder="Password"
          type="password"
          value=""
        />
      </div>
    </div>
    <div
      class="MuiFormControl-root MuiTextField-root sc-gsTCUz eHbxyQ"
    >
      <div
        class="MuiInputBase-root MuiInput-root MuiInput-underline MuiInputBase-formControl MuiInput-formControl"
      >
        <input
          aria-invalid="false"
          class="MuiInputBase-input MuiInput-input"
          id="standard-basic"
          placeholder="Confirm Password"
          type="password"
          value=""
        />
      </div>
    </div>
    <button
      class="MuiButtonBase-root MuiButton-root MuiButton-contained sc-bdfBwQ lfqaYk MuiButton-containedPrimary"
      tabindex="0"
      type="button"
    >
      <span
        class="MuiButton-label"
      >
        Sign Up
      </span>
      <span
        class="MuiTouchRipple-root"
      />
    </button>
    <button
      class="MuiButtonBase-root MuiButton-root MuiButton-text sc-bdfBwQ lfqaYk MuiButton-textPrimary"
      tabindex="0"
      type="button"
    >
      <span
        class="MuiButton-label"
      >
        Login
      </span>
      <span
        class="MuiTouchRipple-root"
      />
    </button>
  </div>
  <div
    style="position: fixed; z-index: 9999;"
  />
</div>
`;
