// Jest Snapshot v1, https://goo.gl/fbAQLP

exports[`App renders app 1`] = `
<div>
  <div
    class="App"
  >
    <div>
      <button>
        Login
      </button>
    </div>
  </div>
</div>
`;
